// Jest Snapshot v1, https://goo.gl/fbAQLP

exports[`Character component renders Character 1`] = `
<DocumentFragment>
  <figure>
    <h4>
      Name
    </h4>
    <figcaption>
       Adam Pierce
    </figcaption>
    <img
      alt="Adam Pierce"
      src="https://vignette.wikia.nocookie.net/x-files/images"
    />
  </figure>
</DocumentFragment>
`;
